=== [2026-08-06T05:12:19Z] Starting/resuming amoA_AOB -> amoA_AOB_presence.csv ===
[1/1583] Atopostipes suicloacalis: 0 hits
[2/1583] Brachybacterium faecium: 0 hits
[3/1583] Yaniella halotolerans: 0 hits
[4/1583] Nocardiopsis algeriensis: 0 hits
[5/1583] Nosocomiicoccus ampullae: 0 hits
[6/1583] Ligilactobacillus pobuzihii: 0 hits
[7/1583] Staphylococcus ureilyticus: 0 hits
[8/1583] Pseudogracilibacillus auburnensis: 0 hits
[9/1583] Ligilactobacillus salivarius: 0 hits
[10/1583] Jeotgalicoccus meleagridis: 0 hits
[11/1583] Corynebacterium stationis: 0 hits
[12/1583] Nocardiopsis lucentensis: 0 hits
[13/1583] Jeotgalicoccus halotolerans: 0 hits
[14/1583] Brachybacterium saurashtrense: 0 hits
[15/1583] Ornithinibacillus gellani: 0 hits
[16/1583] Salinicoccus kunmingensis: 0 hits
[17/1583] Mammaliicoccus lentus: 0 hits
[18/1583] Nocardiopsis nikkonensis: 0 hits
[19/1583] Lactobacillus crispatus: 0 hits
[20/1583] Nocardiopsis halotolerans: 0 hits
[21/1583] Pseudogracilibacillus marinus: 0 hits
[22/1583] Lactobacillus gallinarum: 0 hits
[23/1583] Romboutsia ilealis: 0 hits
[24/1583] Lactobacillus johnsonii: 0 hits
[25/1583] Nocardiopsis salina: 0 hits
[26/1583] Salinicoccus carnicancri: 0 hits
[27/1583] Anaerococcus obesiensis: 0 hits
[28/1583] Weissella jogaejeotgali: 0 hits
[29/1583] Brevibacterium avium: 0 hits
[30/1583] Anaerococcus porci: 0 hits
[31/1583] Brachybacterium conglomeratum: 0 hits
[32/1583] Romboutsia timonensis: 0 hits
[33/1583] Brachybacterium squillarum: 0 hits
[34/1583] Jeotgalicoccus aerolatus: 0 hits
[35/1583] Staphylococcus simulans: 0 hits
[36/1583] Ruoffia tabacinasalis: 0 hits
[37/1583] Enterococcus cecorum: 0 hits
[38/1583] Enteractinococcus fodinae: 0 hits
[39/1583] Brachybacterium epidermidis: 0 hits
[40/1583] Corynebacterium urealyticum: 0 hits
[41/1583] Virgibacillus alimentarius: 0 hits
[42/1583] Yaniella soli: 0 hits
[43/1583] Ruania albidiflava: 0 hits
[44/1583] Staphylococcus cohnii: 0 hits
[45/1583] Pseudogracilibacillus endophyticus: 0 hits
[46/1583] Staphylococcus nepalensis: 0 hits
[47/1583] Yaniella flava: 0 hits
[48/1583] Brachybacterium timonense: 0 hits
[49/1583] Corynebacterium ammoniagenes: 0 hits
[50/1583] Lipingzhangella halophila: 0 hits
[51/1583] Limosilactobacillus reuteri: 0 hits
[52/1583] Brachybacterium rhamnosum: 0 hits
[53/1583] Nocardiopsis rhizosphaerae: 0 hits
[54/1583] Streptococcus alactolyticus: 0 hits
[55/1583] Cerasibacillus terrae: 0 hits
[56/1583] Brachybacterium halotolerans: 0 hits
[57/1583] Enteractinococcus lamae: 0 hits
[58/1583] Brachybacterium muris: 0 hits
[59/1583] Nocardiopsis kunsanensis: 0 hits
[60/1583] Enteractinococcus viverrae: 0 hits
[61/1583] Brevibacterium oceani: 0 hits
[62/1583] Tomitella biformata: 0 hits
[63/1583] Brevibacterium anseongense: 0 hits
[64/1583] Jeotgalicoccus coquinae: 0 hits
[65/1583] Anaerococcus lactolyticus: 0 hits
[66/1583] Aerococcus viridans: 0 hits
