=== [2026-08-06T05:12:19Z] Starting/resuming amoA_AOB -> amoA_AOB_presence.csv ===
=== [2026-08-06T05:49:13Z] Starting/resuming amoA_AOB -> amoA_AOB_presence.csv ===
=== [2026-08-06T05:54:24Z] Starting/resuming amoA_AOB -> amoA_AOB_presence.csv ===
=== [2026-08-06T22:34:44Z] Starting/resuming amoA_AOB -> amoA_AOB_presence.csv ===
=== [2026-08-06T22:41:26Z] Finished amoA_AOB (exit 0) ===
=== [2026-08-06T22:41:26Z] Starting/resuming nirK -> nirK_presence.csv ===
=== [2026-08-06T23:36:41Z] Starting/resuming amoA_AOB -> amoA_AOB_presence.csv ===
=== [2026-08-06T23:36:45Z] Finished amoA_AOB (exit 0) ===
=== [2026-08-06T23:36:45Z] Starting/resuming nirK -> nirK_presence.csv ===
=== [2026-08-06T23:59:36Z] Starting/resuming amoA_AOB -> amoA_AOB_presence.csv ===
=== [2026-08-06T23:59:40Z] Finished amoA_AOB (exit 0) ===
=== [2026-08-06T23:59:40Z] Starting/resuming nirK -> nirK_presence.csv ===
=== [2026-08-07T00:12:11Z] Starting/resuming amoA_AOB -> amoA_AOB_presence.csv ===
=== [2026-08-07T00:12:12Z] Finished amoA_AOB (exit 0) ===
=== [2026-08-07T00:12:12Z] Starting/resuming nirK -> nirK_presence.csv ===
=== [2026-08-07T00:28:18Z] Starting/resuming amoA_AOB -> amoA_AOB_presence.csv ===
=== [2026-08-07T00:28:22Z] Finished amoA_AOB (exit 0) ===
=== [2026-08-07T00:28:22Z] Starting/resuming nirK -> nirK_presence.csv ===
=== [2026-08-07T00:31:29Z] Finished nirK (exit 0) ===
=== [2026-08-07T00:31:29Z] Starting/resuming nirS -> nirS_presence.csv ===
=== [2026-08-07T00:52:27Z] Starting/resuming nirK -> nirK_presence.csv ===
=== [2026-08-07T01:09:59Z] Starting/resuming nirK -> nirK_presence.csv ===
=== [2026-08-07T01:34:25Z] Starting/resuming nirK -> nirK_presence.csv ===
=== [2026-08-07T05:16:45Z] Starting/resuming nirK -> nirK_presence.csv ===
=== [2026-08-07T05:20:33Z] Finished nirK (exit 0) ===
=== [2026-08-07T05:20:33Z] Starting/resuming nirS -> nirS_presence.csv ===
=== [2026-08-09T00:39:36Z] Starting/resuming nirK -> nirK_presence.csv ===
=== [2026-08-09T00:39:41Z] Finished nirK (exit 0) ===
=== [2026-08-09T00:39:41Z] Starting/resuming nirS -> nirS_presence.csv ===
=== [2026-08-09T01:13:38Z] Starting/resuming nirK -> nirK_presence.csv ===
=== [2026-08-09T01:13:42Z] Finished nirK (exit 0) ===
=== [2026-08-09T01:13:42Z] Starting/resuming nirS -> nirS_presence.csv ===
=== [2026-08-10T20:30:39Z] Starting/resuming nirK -> nirK_presence.csv ===
=== [2026-08-10T20:30:44Z] Finished nirK (exit 0) ===
=== [2026-08-10T20:30:44Z] Starting/resuming nirS -> nirS_presence.csv ===
=== [2026-08-10T23:58:43Z] Starting/resuming nirK -> nirK_presence.csv ===
=== [2026-08-10T23:58:48Z] Finished nirK (exit 0) ===
=== [2026-08-10T23:58:48Z] Starting/resuming nirS -> nirS_presence.csv ===
=== [2026-08-10T23:59:00Z] Finished nirS (exit 0) ===
=== [2026-08-10T23:59:00Z] Starting/resuming nosZ_cladeI -> nosZ_cladeI_presence.csv ===
=== [2026-08-11T00:15:48Z] Starting/resuming nirK -> nirK_presence.csv ===
=== [2026-08-11T00:15:49Z] Finished nirK (exit 0) ===
=== [2026-08-11T00:15:49Z] Starting/resuming nirS -> nirS_presence.csv ===
=== [2026-08-11T00:15:50Z] Finished nirS (exit 0) ===
=== [2026-08-11T00:15:50Z] Starting/resuming nosZ_cladeI -> nosZ_cladeI_presence.csv ===
=== [2026-08-11T00:33:20Z] Starting/resuming nirK -> nirK_presence.csv ===
=== [2026-08-11T00:33:25Z] Finished nirK (exit 0) ===
=== [2026-08-11T00:33:25Z] Starting/resuming nirS -> nirS_presence.csv ===
=== [2026-08-11T00:33:26Z] Finished nirS (exit 0) ===
=== [2026-08-11T00:33:26Z] Starting/resuming nosZ_cladeI -> nosZ_cladeI_presence.csv ===
=== [2026-08-11T00:47:20Z] Starting/resuming nirK -> nirK_presence.csv ===
=== [2026-08-11T00:47:24Z] Finished nirK (exit 0) ===
=== [2026-08-11T00:47:24Z] Starting/resuming nirS -> nirS_presence.csv ===
=== [2026-08-11T00:47:25Z] Finished nirS (exit 0) ===
=== [2026-08-11T00:47:25Z] Starting/resuming nosZ_cladeI -> nosZ_cladeI_presence.csv ===
=== [2026-08-11T00:55:46Z] Starting/resuming nirK -> nirK_presence.csv ===
=== [2026-08-11T00:55:48Z] Finished nirK (exit 0) ===
=== [2026-08-11T00:55:48Z] Starting/resuming nirS -> nirS_presence.csv ===
=== [2026-08-11T00:55:49Z] Finished nirS (exit 0) ===
=== [2026-08-11T00:55:49Z] Starting/resuming nosZ_cladeI -> nosZ_cladeI_presence.csv ===
=== [2026-08-11T00:57:59Z] Finished nosZ_cladeI (exit 0) ===
=== [2026-08-11T00:57:59Z] Starting/resuming nosZ_cladeII -> nosZ_cladeII_presence.csv ===
