outputhat23=16
treein = 0
compacttree = 0
stacksize: 8192 kb
generating a scoring matrix for nucleotide (dist=200) ... done
All-to-all alignment.
    0 / 2tbfast-pair (nuc) Version 7.505
alg=L, model=DNA200 (2), 2.00 (6.00), -0.10 (-0.30), noshift, amax=0.0
0 thread(s)

outputhat23=16
Loading 'hat3.seed' ... 
done.
Writing hat3 for iterative refinement
generating a scoring matrix for nucleotide (dist=200) ... done
Gap Penalty = -1.53, +0.00, +0.00
tbutree = 1, compacttree = 0
Constructing a UPGMA tree ... 
    0 / 2
done.

Progressive alignment ... 
STEP     1 /1 
done.
tbfast (nuc) Version 7.505
alg=A, model=DNA200 (2), 1.53 (4.59), -0.00 (-0.00), noshift, amax=0.0
1 thread(s)

minimumweight = 0.000010
autosubalignment = 0.000000
nthread = 0
randomseed = 0
blosum 62 / kimura 200
poffset = 0
niter = 16
sueff_global = 0.100000
nadd = 16
Loading 'hat3' ... done.
generating a scoring matrix for nucleotide (dist=200) ... done

    0 / 2
Segment   1/  1    1- 408
STEP 001-001-1  identical.   done
dvtditr (nuc) Version 7.505
alg=A, model=DNA200 (2), 1.53 (4.59), -0.00 (-0.00), noshift, amax=0.0
0 thread(s)


Strategy:
 L-INS-i (Probably most accurate, very slow)
 Iterative refinement method (<16) with LOCAL pairwise alignment information

If unsure which option to use, try 'mafft --auto input > output'.
For more information, see 'mafft --help', 'mafft --man' and the mafft page.

The default gap scoring scheme has been changed in version 7.110 (2013 Oct).
It tends to insert more gaps into gap-rich regions than previous versions.
To disable this change, add the --leavegappyregion option.

