=== [2026-08-11T02:39:43Z] Starting/resuming nirK sequence retrieval ===
[1/88] Corynebacterium urealyticum (SNV93940.1): success
[2/88] Cerasibacillus terrae (CAQ6071637.1): success
[3/88] Corynebacterium amycolatum (XQS60787.1): success
[4/88] Luteimonas dalianensis (XUN68056.1): success
[5/88] Halomonas pellis (WP_187774738.1): success
[6/88] Corynebacterium freneyi (WJZ04064.1): success
[7/88] Gallibacterium anatis (WP_416142740.1): success
[8/88] Corynebacterium aurimucosum (WJY70242.1): success
[9/88] Oceanisphaera avium (WP_086963652.1): success
[10/88] Pusillimonas noertemannii (WP_353194551.1): success
[11/88] Halopseudomonas pertucinogena (WP_188634647.1): success
[12/88] Shigella boydii (CAM4345644.1): success
[13/88] Pusillimonas ginsengisoli (WP_496257159.1): failed - no /coded_by qualifier found
[14/88] Pelagibacterium sediminicola (WP_245958482.1): success
[15/88] Nitrosomonas stercoris (BBL35840.1): success
[16/88] Galbibacter marinus (WP_008991078.1): success
[17/88] Luteimonas yindakuii (WP_136412718.1): success
[18/88] Escherichia coli (WP_204278045.1): success
[19/88] Paralcaligenes ureilyticus (WP_243700757.1): success
[20/88] Sphingobacterium lactis (WP_440508865.1): success
[21/88] Alcaligenes faecalis (YEV25372.1): success
[22/88] Oligella ureolytica (CAM5180886.1): success
[23/88] Pseudomonas saudimassiliensis (WP_239419765.1): success
[24/88] Castellaniella ginsengisoli (WP_454476540.1): success
[25/88] Corynebacterium pelargi (QAU51447.1): success
[26/88] Pusillimonas thiosulfatoxidans (WP_228255739.1): success
[27/88] Peribacillus simplex (CAH0300286.1): success
[28/88] Bradymonas sediminis (WP_111336482.1): success
[29/88] Psychrobacter sanguinis (WP_320661739.1): success
[30/88] Afipia carboxidovorans (WP_338632387.1): success
[31/88] Nitrosococcus oceani (WP_036498581.1): failed - no /coded_by qualifier found
[32/88] Parapusillimonas granuli (WP_180155738.1): success
[33/88] Microvirga massiliensis (WP_244470746.1): success
