=== [2026-08-07T00:52:27Z] Starting/resuming nirK -> nirK_presence.csv ===
[1/1583] Atopostipes suicloacalis: 0 hits
[2/1583] Brachybacterium faecium: 0 hits
[3/1583] Yaniella halotolerans: 0 hits
[4/1583] Nocardiopsis algeriensis: 0 hits
[5/1583] Nosocomiicoccus ampullae: 0 hits
[6/1583] Ligilactobacillus pobuzihii: 0 hits
[7/1583] Staphylococcus ureilyticus: 0 hits
[8/1583] Pseudogracilibacillus auburnensis: 0 hits
[9/1583] Ligilactobacillus salivarius: 0 hits
[10/1583] Jeotgalicoccus meleagridis: 0 hits
[11/1583] Corynebacterium stationis: 0 hits
[12/1583] Nocardiopsis lucentensis: 0 hits
[13/1583] Jeotgalicoccus halotolerans: 0 hits
[14/1583] Brachybacterium saurashtrense: 0 hits
[15/1583] Ornithinibacillus gellani: 0 hits
[16/1583] Salinicoccus kunmingensis: 0 hits
[17/1583] Mammaliicoccus lentus: 0 hits
[18/1583] Nocardiopsis nikkonensis: 0 hits
[19/1583] Lactobacillus crispatus: 0 hits
[20/1583] Nocardiopsis halotolerans: 0 hits
[21/1583] Pseudogracilibacillus marinus: 0 hits
[22/1583] Lactobacillus gallinarum: 0 hits
[23/1583] Romboutsia ilealis: 0 hits
[24/1583] Lactobacillus johnsonii: 0 hits
[25/1583] Nocardiopsis salina: 0 hits
[26/1583] Salinicoccus carnicancri: 0 hits
[27/1583] Anaerococcus obesiensis: 0 hits
[28/1583] Weissella jogaejeotgali: 0 hits
[29/1583] Brevibacterium avium: 0 hits
[30/1583] Anaerococcus porci: 0 hits
[31/1583] Brachybacterium conglomeratum: 0 hits
[32/1583] Romboutsia timonensis: 0 hits
[33/1583] Brachybacterium squillarum: 0 hits
[34/1583] Jeotgalicoccus aerolatus: 0 hits
[35/1583] Staphylococcus simulans: 0 hits
[36/1583] Ruoffia tabacinasalis: 0 hits
[37/1583] Enterococcus cecorum: 0 hits
[38/1583] Enteractinococcus fodinae: 0 hits
[39/1583] Brachybacterium epidermidis: 0 hits
[40/1583] Corynebacterium urealyticum: 1 hits
[41/1583] Virgibacillus alimentarius: 0 hits
[42/1583] Yaniella soli: 0 hits
[43/1583] Ruania albidiflava: 0 hits
[44/1583] Staphylococcus cohnii: 0 hits
[45/1583] Pseudogracilibacillus endophyticus: 0 hits
[46/1583] Staphylococcus nepalensis: 0 hits
[47/1583] Yaniella flava: 0 hits
[48/1583] Brachybacterium timonense: 0 hits
[49/1583] Corynebacterium ammoniagenes: 0 hits
[50/1583] Lipingzhangella halophila: 0 hits
[51/1583] Limosilactobacillus reuteri: 0 hits
[52/1583] Brachybacterium rhamnosum: 0 hits
[53/1583] Nocardiopsis rhizosphaerae: 0 hits
[54/1583] Streptococcus alactolyticus: 0 hits
[55/1583] Cerasibacillus terrae: 1 hits
[56/1583] Brachybacterium halotolerans: 0 hits
[57/1583] Enteractinococcus lamae: 0 hits
[58/1583] Brachybacterium muris: 0 hits
[59/1583] Nocardiopsis kunsanensis: 0 hits
[60/1583] Enteractinococcus viverrae: 0 hits
[61/1583] Brevibacterium oceani: 0 hits
[62/1583] Tomitella biformata: 0 hits
[63/1583] Brevibacterium anseongense: 0 hits
[64/1583] Jeotgalicoccus coquinae: 0 hits
[65/1583] Anaerococcus lactolyticus: 0 hits
[66/1583] Aerococcus viridans: 0 hits
[67/1583] Jeotgalicoccus nanhaiensis: 0 hits
[68/1583] Lactobacillus taiwanensis: 0 hits
[69/1583] Salinicoccus sediminis: 0 hits
[70/1583] Corynebacterium casei: 0 hits
[71/1583] Glycomyces sediminimaris: 0 hits
[72/1583] Virgibacillus ndiopensis: 0 hits
[73/1583] Brachybacterium paraconglomeratum: 0 hits
[74/1583] Anaerococcus prevotii: 0 hits
[75/1583] Limosilactobacillus portuensis: 0 hits
[76/1583] Ruoffia halotolerans: 0 hits
[77/1583] Lactobacillus gasseri: 0 hits
[78/1583] Aerococcus urinaeequi: 0 hits
[79/1583] Brevibacterium metallicus: 0 hits
[80/1583] Enterococcus innesii: 0 hits
[81/1583] Ligilactobacillus aviarius: 0 hits
[82/1583] Jeotgalicoccus schoeneichii: 0 hits
[83/1583] Anaerococcus marasmi: 0 hits
[84/1583] Companilactobacillus farciminis: 0 hits
[85/1583] Limosilactobacillus balticus: 0 hits
[86/1583] Ornithinibacillus caprae: 0 hits
[87/1583] Anaerococcus mediterraneensis: 0 hits
[88/1583] Ligilactobacillus agilis: 0 hits
[89/1583] Salinicoccus qingdaonensis: 0 hits
[90/1583] Lentibacillus massiliensis: 0 hits
[91/1583] Ammoniphilus oxalivorans: 0 hits
[92/1583] Mammaliicoccus sciuri: 0 hits
[93/1583] Limosilactobacillus urinaemulieris: 0 hits
[94/1583] Nocardiopsis flavescens: 0 hits
[95/1583] Brachybacterium kimchii: 0 hits
[96/1583] Salinicoccus salitudinis: 0 hits
[97/1583] Virgibacillus oceani: 0 hits
[98/1583] Brachybacterium zhongshanense: 0 hits
[99/1583] Staphylococcus saprophyticus: 0 hits
[100/1583] Limosilactobacillus oris: 0 hits
[101/1583] Mammaliicoccus stepanovicii: 0 hits
[102/1583] Limosilactobacillus agrestis: 0 hits
[103/1583] Anaerococcus faecalis: 0 hits
[104/1583] Ligilactobacillus acidipiscis: 0 hits
[105/1583] Aeromicrobium yanjiei: 0 hits
[106/1583] Corynebacterium xerosis: 0 hits
[107/1583] Pusillimonas caeni: 0 hits
[108/1583] Nocardiopsis alba: 0 hits
[109/1583] Pisciglobus halotolerans: 0 hits
[110/1583] Lactobacillus helveticus: 0 hits
[111/1583] Corynebacterium amycolatum: 2 hits
[112/1583] Brachybacterium avium: 0 hits
[113/1583] Actinotalea ferrariae: 0 hits
[114/1583] Georgenia muralis: 0 hits
[115/1583] Enterococcus saccharolyticus: 0 hits
[116/1583] Dietzia maris: 0 hits
[117/1583] Corynebacterium frankenforstense: 0 hits
[118/1583] Sporosarcina pasteurii: 0 hits
[119/1583] Nosocomiicoccus massiliensis: 0 hits
[120/1583] Staphylococcus caeli: 0 hits
[121/1583] Amphibacillus iburiensis: 0 hits
[122/1583] Lactobacillus paragasseri: 0 hits
[123/1583] Limosilactobacillus ingluviei: 0 hits
[124/1583] Brevibacterium renqingii: 0 hits
[125/1583] Brachybacterium massiliense: -1 hits
[126/1583] Enterococcus canintestini: 0 hits
[127/1583] Nocardiopsis fildesensis: 0 hits
[128/1583] Levilactobacillus hammesii: 0 hits
[129/1583] Limosilactobacillus pontis: 0 hits
[130/1583] Oceanobacillus salinisoli: 0 hits
[131/1583] Anaerococcus degeneri: 0 hits
[132/1583] Luteimonas dalianensis: 2 hits
[133/1583] Salinicoccus halodurans: 0 hits
[134/1583] Brachybacterium vulturis: 0 hits
[135/1583] Peptoniphilus nemausensis: 0 hits
[136/1583] Peptoniphilus harei: 0 hits
[137/1583] Brachybacterium nesterenkovii: 0 hits
[138/1583] Levilactobacillus namurensis: 0 hits
[139/1583] Virgibacillus pantothenticus: 0 hits
[140/1583] Brachybacterium huguangmaarense: 0 hits
[141/1583] Urinicoccus timonensis: 0 hits
[142/1583] Brevibacterium senegalense: 0 hits
[143/1583] Enteractinococcus coprophilus: 0 hits
[144/1583] Halomonas pellis: 2 hits
[145/1583] Virgibacillus marseillensis: 0 hits
[146/1583] Dietzia aerolata: 0 hits
[147/1583] Brevibacterium atlanticum: 0 hits
[148/1583] Mediterraneibacter catenae: 0 hits
[149/1583] Dietzia lutea: 0 hits
[150/1583] Staphylococcus arlettae: 0 hits
[151/1583] Staphylococcus borealis: 0 hits
[152/1583] Nocardiopsis coralli: 0 hits
[153/1583] Brevibacterium profundi: 0 hits
[154/1583] Dietzia psychralcaliphila: 0 hits
[155/1583] Limosilactobacillus vaginalis: 0 hits
[156/1583] Brevibacterium yomogidense: 0 hits
[157/1583] Gallicola barnesae: 0 hits
[158/1583] Georgenia satyanarayanai: 0 hits
[159/1583] Actinomadura livida: 0 hits
[160/1583] Aerococcus suis: 0 hits
[161/1583] Oceanobacillus indicireducens: 0 hits
[162/1583] Companilactobacillus suantsaicola: 0 hits
[163/1583] Limosilactobacillus coleohominis: 0 hits
[164/1583] Aquihabitans daechungensis: 0 hits
[165/1583] Limosilactobacillus panis: 0 hits
[166/1583] Dietzia kunjamensis: 0 hits
[167/1583] Alloiococcus otitis: 0 hits
[168/1583] Oceanobacillus limi: 0 hits
[169/1583] Enterococcus columbae: 0 hits
[170/1583] Tetragenococcus koreensis: 0 hits
[171/1583] Jeotgalicoccus marinus: 0 hits
[172/1583] Nocardiopsis xinjiangensis: 0 hits
[173/1583] Amphibacillus indicireducens: 0 hits
[174/1583] Virgibacillus salarius: 0 hits
[175/1583] Virgibacillus marismortui: 0 hits
[176/1583] Occultella kanbiaonis: 0 hits
[177/1583] Georgenia subflava: 0 hits
[178/1583] Aeromicrobium alkaliterrae: 0 hits
[179/1583] Lederbergia graminis: 0 hits
[180/1583] Ligilactobacillus saerimneri: 0 hits
[181/1583] Lactobacillus amylovorus: 0 hits
[182/1583] Peptoniphilus stercorisuis: 0 hits
[183/1583] Jeotgalicoccus huakuii: 0 hits
[184/1583] Mammaliicoccus vitulinus: 0 hits
[185/1583] Oceanobacillus chironomi: 0 hits
[186/1583] Peptostreptococcus russellii: 0 hits
[187/1583] Dietzia papillomatosis: 0 hits
[188/1583] Brachybacterium sacelli: 0 hits
[189/1583] Aeromicrobium ginsengisoli: 0 hits
[190/1583] Gemmiger formicilis: 0 hits
[191/1583] Companilactobacillus pabuli: 0 hits
[192/1583] Oceanobacillus massiliensis: 0 hits
[193/1583] Corynebacterium freneyi: 1 hits
[194/1583] Ornithinimicrobium murale: 0 hits
[195/1583] Anaerosalibacter bizertensis: 0 hits
[196/1583] Ornithinibacillus halophilus: 0 hits
[197/1583] Tomitella gaofuii: 0 hits
[198/1583] Ornithinibacillus salinisoli: 0 hits
[199/1583] Staphylococcus edaphicus: 0 hits
[200/1583] Lactobacillus acidophilus: 0 hits
[201/1583] Enterococcus faecium: 0 hits
[202/1583] Aliicoccus persicus: 0 hits
[203/1583] Virgibacillus kimchii: 0 hits
[204/1583] Staphylococcus petrasii: 0 hits
[205/1583] Anaerococcus hydrogenalis: 0 hits
[206/1583] Ruania zhangjianzhongii: 0 hits
[207/1583] Corynebacterium hansenii: 0 hits
[208/1583] Butyricicoccus pullicaecorum: 0 hits
[209/1583] Enterococcus hirae: 0 hits
[210/1583] [Ruminococcus] torques: 0 hits
[211/1583] Peptoniphilus coxii: 0 hits
[212/1583] Ligilactobacillus araffinosus: 0 hits
[213/1583] Lederbergia lenta: 0 hits
[214/1583] Virgibacillus necropolis: 0 hits
[215/1583] Faecalibacterium hattorii: 0 hits
[216/1583] Natronosporangium hydrolyticum: 0 hits
[217/1583] Negativibacillus massiliensis: 0 hits
[218/1583] Brachybacterium hainanense: 0 hits
[219/1583] Oceanobacillus halotolerans: 0 hits
[220/1583] Staphylococcus gallinarum: 0 hits
[221/1583] Companilactobacillus futsaii: 0 hits
[222/1583] Anaerococcus urinomassiliensis: 0 hits
[223/1583] Wenzhouxiangella salilacus: 0 hits
[224/1583] Alkalihalobacillus alcalophilus: 0 hits
[225/1583] Nocardiopsis listeri: 0 hits
[226/1583] Loigolactobacillus rennini: 0 hits
[227/1583] Anaerococcus octavius: 0 hits
[228/1583] Rhodococcus coprophilus: 0 hits
[229/1583] Limosilactobacillus antri: 0 hits
[230/1583] Georgenia yuyongxinii: 0 hits
[231/1583] Phocaeicola dorei: 0 hits
[232/1583] Staphylococcus caledonicus: 0 hits
[233/1583] Luteimicrobium album: 0 hits
[234/1583] Staphylococcus schweitzeri: 0 hits
[235/1583] Brachybacterium fresconis: 0 hits
[236/1583] Lederbergia galactosidilytica: 0 hits
[237/1583] Shigella flexneri: 0 hits
[238/1583] Staphylococcus succinus: 0 hits
[239/1583] Virgibacillus carmonensis: 0 hits
[240/1583] Allofustis seminis: 0 hits
[241/1583] Staphylococcus hominis: 0 hits
[242/1583] Brachybacterium endophyticum: 0 hits
[243/1583] Brevibacterium epidermidis: 0 hits
[244/1583] Staphylococcus pasteuri: 0 hits
[245/1583] Mycolicibacterium smegmatis: 0 hits
[246/1583] Brevibacterium casei: 0 hits
[247/1583] Pseudactinotalea terrae: 0 hits
[248/1583] Ligilactobacillus salitolerans: 0 hits
[249/1583] Oceanobacillus luteolus: 0 hits
[250/1583] Streptomyces triticirhizae: 0 hits
[251/1583] Paracoccus jeotgali: 0 hits
[252/1583] Pseudoflavonifractor capillosus: 0 hits
[253/1583] Staphylococcus casei: 0 hits
[254/1583] Ruania alba: 0 hits
[255/1583] Gemmiger gallinarum: 0 hits
[256/1583] Gallibacterium anatis: 20 hits
[257/1583] Levilactobacillus angrenensis: 0 hits
[258/1583] Subdoligranulum variabile: 0 hits
[259/1583] Oceanobacillus damuensis: 0 hits
[260/1583] Escherichia fergusonii: 0 hits
[261/1583] Romboutsia hominis: 0 hits
[262/1583] Staphylococcus roterodami: 0 hits
[263/1583] Virgibacillus natechei: 0 hits
[264/1583] Oceanobacillus polygoni: 0 hits
[265/1583] Microbacterium faecale: 0 hits
[266/1583] Aeromicrobium erythreum: 0 hits
[267/1583] Enterococcus durans: 0 hits
[268/1583] Alistipes dispar: 0 hits
[269/1583] Enterococcus faecalis: 0 hits
[270/1583] Mediterraneibacter glycyrrhizinilyticus: 0 hits
[271/1583] Staphylococcus carnosus: 0 hits
[272/1583] Corynebacterium aurimucosum: 1 hits
[273/1583] Nocardiopsis alkaliphila: 0 hits
[274/1583] Staphylococcus equorum: 0 hits
[275/1583] Blautia glucerasea: 0 hits
[276/1583] Clostridium haemolyticum: 0 hits
[277/1583] Oceanisphaera avium: 2 hits
[278/1583] Falsochrobactrum ovis: 0 hits
[279/1583] Weissella paramesenteroides: 0 hits
[280/1583] Brachybacterium subflavum: 0 hits
[281/1583] Companilactobacillus baiquanensis: 0 hits
[282/1583] Merdimonas faecis: 0 hits
[283/1583] Dietzia alimentaria: 0 hits
[284/1583] Fusicatenibacter saccharivorans: 0 hits
[285/1583] Staphylococcus aureus: 0 hits
[286/1583] Rothia koreensis: 0 hits
[287/1583] Staphylococcus pseudoxylosus: 0 hits
[288/1583] Pseudothauera rhizosphaerae: 0 hits
[289/1583] Staphylococcus capitis: 0 hits
[290/1583] Levilactobacillus tujiorum: 0 hits
[291/1583] Lapidilactobacillus wuchangensis: 0 hits
[292/1583] Peptoniphilus timonensis: 0 hits
[293/1583] Virgibacillus dokdonensis: 0 hits
[294/1583] Anaerococcus rubeinfantis: 0 hits
[295/1583] Corynebacterium sputi: 0 hits
[296/1583] Staphylococcus xylosus: 0 hits
[297/1583] Bacteroides uniformis: 0 hits
[298/1583] Enterococcus casseliflavus: 0 hits
[299/1583] Niallia oryzisoli: 0 hits
[300/1583] Oscillibacter massiliensis: 0 hits
[301/1583] Hathewaya limosa: 0 hits
[302/1583] Lactobacillus psittaci: 0 hits
[303/1583] Georgenia soli: 0 hits
[304/1583] Lentibacillus saliphilus: 0 hits
[305/1583] Bacillus ferrooxidans: 0 hits
[306/1583] Tidjanibacter massiliensis: 0 hits
[307/1583] Mammaliicoccus fleurettii: 0 hits
[308/1583] Staphylococcus lugdunensis: 0 hits
[309/1583] Fournierella massiliensis: 0 hits
[310/1583] Clostridium phoceensis: 0 hits
[311/1583] Nocardiopsis sinuspersici: 0 hits
[312/1583] Fastidiosipila sanguinis: 0 hits
[313/1583] Pseudoglutamicibacter cumminsii: 0 hits
[314/1583] Virgibacillus indicus: 0 hits
[315/1583] Staphylococcus lloydii: 0 hits
[316/1583] Staphylococcus pragensis: 0 hits
[317/1583] Anaerococcus murdochii: 0 hits
[318/1583] Brevibacterium sediminis: 0 hits
[319/1583] Tetragenococcus halophilus: 0 hits
[320/1583] Staphylococcus durrellii: 0 hits
[321/1583] Nocardiopsis terrae: 0 hits
[322/1583] Staphylococcus taiwanensis: 0 hits
[323/1583] Staphylococcus croceilyticus: 0 hits
[324/1583] Pusillimonas noertemannii: 3 hits
[325/1583] Phocaeicola vulgatus: 0 hits
[326/1583] Globicatella sanguinis: 0 hits
[327/1583] Enterococcus olivae: 0 hits
[328/1583] Saccharomonospora xinjiangensis: 0 hits
[329/1583] Staphylococcus condimenti: 0 hits
[330/1583] Salinicoccus alkaliphilus: 0 hits
[331/1583] Anaerostipes butyraticus: 0 hits
[332/1583] Bifidobacterium pullorum: 0 hits
[333/1583] Blautia hominis: 0 hits
[334/1583] Sellimonas intestinalis: 0 hits
[335/1583] Prauserella oleivorans: 0 hits
[336/1583] Niallia endozanthoxylica: 0 hits
[337/1583] Sutterella timonensis: 0 hits
[338/1583] Nocardiopsis aegyptia: 0 hits
[339/1583] Niallia circulans: 0 hits
[340/1583] Lederbergia panacisoli: 0 hits
[341/1583] Alkalihalobacillus lindianensis: 0 hits
[342/1583] Ammoniphilus oxalaticus: 0 hits
[343/1583] Agathobaculum butyriciproducens: 0 hits
[344/1583] Levilactobacillus senmaizukei: 0 hits
[345/1583] Actinomadura sputi: 0 hits
[346/1583] Actinotalea caeni: 0 hits
[347/1583] Halomonas gudaonensis: 0 hits
[348/1583] Massilistercora timonensis: 0 hits
[349/1583] Allosalinactinospora lopnorensis: 0 hits
[350/1583] Saccharomonospora amisosensis: 0 hits
[351/1583] Blautia intestinalis: 0 hits
[352/1583] Anaerococcus jeddahensis: 0 hits
[353/1583] Corynebacterium phoceense: 0 hits
[354/1583] Pseudoflavonifractor gallinarum: 0 hits
[355/1583] Clostridium perfringens: 0 hits
[356/1583] Caecibacterium sporoformans: 0 hits
[357/1583] Janibacter massiliensis: 0 hits
[358/1583] Levilactobacillus suantsaiihabitans: 0 hits
[359/1583] Saccharomonospora marina: 0 hits
[360/1583] Corynebacterium glyciniphilum: 0 hits
[361/1583] Turicibacter bilis: 0 hits
[362/1583] Anaerococcus tetradius: 0 hits
[363/1583] Weissella thailandensis: 0 hits
[364/1583] Pseudonocardia asaccharolytica: 0 hits
[365/1583] Virgibacillus halophilus: 0 hits
[366/1583] Dietzia aurantiaca: 0 hits
[367/1583] Virgibacillus profundi: 0 hits
[368/1583] Georgenia wutianyii: 0 hits
[369/1583] Halomonas antri: 0 hits
[370/1583] Aeromicrobium choanae: 0 hits
[371/1583] Staphylococcus warneri: 0 hits
[372/1583] Aliibacillus thermotolerans: 0 hits
[373/1583] Drancourtella massiliensis: 0 hits
[374/1583] Pelagibacterium luteolum: 0 hits
[375/1583] Alistipes putredinis: 0 hits
[376/1583] Weissella bombi: 0 hits
[377/1583] Janibacter anophelis: 0 hits
[378/1583] Lederbergia wuyishanensis: 0 hits
[379/1583] Virgibacillus kekensis: 0 hits
[380/1583] Occultella gossypii: 0 hits
[381/1583] Nocardioides alcanivorans: 0 hits
[382/1583] Jeotgalibaca arthritidis: 0 hits
[383/1583] Irregularibacter muris: 0 hits
[384/1583] Companilactobacillus formosensis: 0 hits
[385/1583] Oceanobacillus endoradicis: 0 hits
[386/1583] Staphylococcus canis: 0 hits
[387/1583] Peribacillus asahii: 0 hits
[388/1583] Actinotalea solisilvae: 0 hits
[389/1583] Pontibaca methylaminivorans: 0 hits
[390/1583] Leucobacter triazinivorans: 0 hits
[391/1583] Lentibacillus garicola: 0 hits
[392/1583] [Clostridium] spiroforme: 0 hits
[393/1583] Companilactobacillus huachuanensis: 0 hits
[394/1583] Flaviflexus ciconiae: 0 hits
[395/1583] Romboutsia maritimum: 0 hits
[396/1583] Salinicoccus kekensis: 0 hits
[397/1583] Globicatella sulfidifaciens: 0 hits
[398/1583] Anaerobutyricum soehngenii: 0 hits
[399/1583] Luteimicrobium xylanilyticum: 0 hits
[400/1583] Neglectibacter timonensis: 0 hits
[401/1583] Lachnoclostridium phocaeense: 0 hits
[402/1583] Barnesiella intestinihominis: 0 hits
[403/1583] Staphylococcus piscifermentans: 0 hits
[404/1583] Serratia marcescens: 0 hits
[405/1583] Lapidilactobacillus achengensis: 0 hits
[406/1583] Nocardiopsis alborubida: 0 hits
[407/1583] Paralkalibacillus indicireducens: 0 hits
[408/1583] Neobacillus massiliamazoniensis: 0 hits
[409/1583] Corynebacterium lactis: 0 hits
[410/1583] Limosilactobacillus fastidiosus: 0 hits
[411/1583] Staphylococcus simiae: 0 hits
[412/1583] Limosilactobacillus secaliphilus: 0 hits
[413/1583] Staphylococcus argenteus: 0 hits
[414/1583] Paludisphaera soli: 0 hits
[415/1583] Halomonas nitroreducens: 0 hits
[416/1583] Clostridium tertium: 0 hits
[417/1583] Lagierella massiliensis: 0 hits
[418/1583] Corynebacterium glutamicum: 0 hits
[419/1583] Alkalibacterium iburiense: 0 hits
[420/1583] Tissierella creatinini: 0 hits
[421/1583] Virgibacillus doumboii: 0 hits
[422/1583] Parabacteroides johnsonii: 0 hits
[423/1583] Weissella hellenica: 0 hits
[424/1583] Gleimia europaea: 0 hits
[425/1583] Massilimicrobiota timonensis: 0 hits
[426/1583] Halopseudomonas pertucinogena: 1 hits
[427/1583] Shigella dysenteriae: 0 hits
[428/1583] Actinotalea subterranea: 0 hits
[429/1583] Gorbachella massiliensis: 0 hits
[430/1583] Staphylococcus caprae: 0 hits
[431/1583] Brevibacterium marinum: 0 hits
[432/1583] Limosilactobacillus caviae: 0 hits
[433/1583] Streptococcus equinus: 0 hits
[434/1583] Halomonas desiderata: 0 hits
[435/1583] Clostridium cylindrosporum: 0 hits
[436/1583] Anaerotignum lactatifermentans: 0 hits
[437/1583] Ruania halotolerans: 0 hits
[438/1583] Shigella boydii: 1 hits
[439/1583] Veillonella magna: 0 hits
[440/1583] Enterococcus villorum: 0 hits
[441/1583] [Clostridium] dakarense: 0 hits
[442/1583] Brevibacterium ravenspurgense: 0 hits
[443/1583] Paracoccus alcaliphilus: 0 hits
[444/1583] Aeromicrobium stalagmiti: 0 hits
[445/1583] Occultella glacieicola: 0 hits
[446/1583] Companilactobacillus heilongjiangensis: 0 hits
[447/1583] Levilactobacillus parabrevis: 0 hits
[448/1583] Clostridium disporicum: 0 hits
[449/1583] Lactobacillus hominis: 0 hits
[450/1583] Aeromicrobium massiliense: 0 hits
[451/1583] Faecalibacterium gallinarum: 0 hits
[452/1583] Lederbergia citrisecundus: 0 hits
[453/1583] Jeotgalicoccus saudimassiliensis: 0 hits
[454/1583] Enterococcus gallinarum: 0 hits
[455/1583] Lactiplantibacillus plajomi: 0 hits
[456/1583] Clostridium niameyense: 0 hits
[457/1583] Pusillimonas ginsengisoli: 3 hits
[458/1583] Staphylococcus kloosii: 0 hits
[459/1583] Tissierella pigra: 0 hits
[460/1583] Nesterenkonia alkaliphila: 0 hits
[461/1583] Pelagibacterium sediminicola: 2 hits
[462/1583] Falsochrobactrum shanghaiense: 0 hits
[463/1583] Saccharomonospora piscinae: 0 hits
[464/1583] Bacillus salipaludis: 0 hits
[465/1583] Urinicoccus massiliensis: 0 hits
[466/1583] Alistipes communis: 0 hits
[467/1583] Caenimicrobium hargitense: 0 hits
[468/1583] [Clostridium] colinum: 0 hits
[469/1583] Tissierella creatinophila: 0 hits
[470/1583] Companilactobacillus tucceti: 0 hits
[471/1583] Luteimonas fraxinea: 0 hits
[472/1583] Vagococcus entomophilus: 0 hits
[473/1583] Lederbergia citri: 0 hits
[474/1583] Brachybacterium alimentarium: 0 hits
[475/1583] Ornithinimicrobium ciconiae: 0 hits
[476/1583] Leucobacter massiliensis: 0 hits
[477/1583] Garicola koreensis: 0 hits
[478/1583] Propionimicrobium lymphophilum: 0 hits
[479/1583] Sporosarcina luteola: 0 hits
[480/1583] Virgibacillus olivae: 0 hits
[481/1583] Sanguibacter massiliensis: 0 hits
[482/1583] Escherichia marmotae: 0 hits
[483/1583] Urmitella timonensis: 0 hits
[484/1583] Companilactobacillus nuruki: 0 hits
[485/1583] Cellulomonas composti: 0 hits
[486/1583] Jeotgalicoccus pinnipedialis: 0 hits
[487/1583] Rhodohalobacter halophilus: 0 hits
[488/1583] Nitratireductor aestuarii: 0 hits
[489/1583] Mediterraneibacter faecis: 0 hits
[490/1583] Bilophila wadsworthia: 0 hits
[491/1583] Rikenella microfusus: 0 hits
[492/1583] Stackebrandtia nassauensis: 0 hits
[493/1583] Stackebrandtia albiflava: 0 hits
[494/1583] Nocardiopsis synnemataformans: 0 hits
[495/1583] Staphylococcus debuckii: 0 hits
[496/1583] Cytobacillus depressus: 0 hits
[497/1583] Alistipes senegalensis: 0 hits
[498/1583] Levilactobacillus zymae: 0 hits
[499/1583] Corynebacterium occultum: 0 hits
[500/1583] Blautia producta: 0 hits
[501/1583] Companilactobacillus mindensis: 0 hits
[502/1583] Tetragenococcus solitarius: 0 hits
[503/1583] Tumebacillus ginsengisoli: 0 hits
[504/1583] Ammoniphilus resinae: 0 hits
[505/1583] Eisenbergiella tayi: 0 hits
[506/1583] Bacillus suaedae: 0 hits
[507/1583] Saccharomonospora colocasiae: 0 hits
[508/1583] Streptococcus lutetiensis: 0 hits
[509/1583] Caldibacillus kokeshiiformis: 0 hits
[510/1583] Pseudoglutamicibacter albus: 0 hits
[511/1583] [Lactobacillus] timonensis: 0 hits
[512/1583] Phascolarctobacterium faecium: 0 hits
[513/1583] Anaerococcus vaginalis: 0 hits
[514/1583] Nitrosomonas stercoris: 1 hits
[515/1583] Staphylococcus epidermidis: 0 hits
[516/1583] Galbibacter marinus: 1 hits
[517/1583] Haloactinopolyspora alkaliphila: 0 hits
=== [2026-08-07T01:09:59Z] Starting/resuming nirK -> nirK_presence.csv ===
[518/1583] Luteimonas yindakuii: 4 hits
[519/1583] Flavonifractor plautii: 0 hits
[520/1583] Sporosarcina koreensis: 0 hits
[521/1583] Companilactobacillus kimchii: 0 hits
[522/1583] Cerasibacillus quisquiliarum: 0 hits
[523/1583] Saccharopolyspora gloriosae: 0 hits
[524/1583] Phocaeicola faecicola: 0 hits
[525/1583] Brevibacterium pigmentatum: 0 hits
[526/1583] Siminovitchia acidinfaciens: 0 hits
[527/1583] Parabacteroides distasonis: 0 hits
[528/1583] Agathobaculum desmolans: 0 hits
[529/1583] Escherichia coli: 19 hits
[530/1583] Blautia hydrogenotrophica: 0 hits
[531/1583] Bacteroides fragilis: 0 hits
[532/1583] Brevibacterium sanguinis: 0 hits
[533/1583] Clostridium massiliodielmoense: 0 hits
[534/1583] Paenalcaligenes niemegkensis: 0 hits
[535/1583] Stackebrandtia endophytica: 0 hits
[536/1583] Virgibacillus chiguensis: 0 hits
[537/1583] Bordetella bronchiseptica: 0 hits
[538/1583] Oceanobacillus profundus: 0 hits
[539/1583] Bacteroides clarus: 0 hits
[540/1583] Alkalihalobacillus nanhaiisediminis: 0 hits
[541/1583] Clostridium saudiense: 0 hits
[542/1583] Glycomyces phytohabitans: 0 hits
[543/1583] Oceanobacillus picturae: 0 hits
[544/1583] Oceanobacillus zhaokaii: 0 hits
[545/1583] Oceanobacillus kimchii: 0 hits
[546/1583] Corynebacterium nuruki: 0 hits
[547/1583] Bacillus niameyensis: 0 hits
[548/1583] Corynebacterium maris: 0 hits
[549/1583] Brevibacterium permense: 0 hits
[550/1583] Blautia argi: 0 hits
[551/1583] Arthrobacter senegalensis: 0 hits
[552/1583] Mycolicibacter algericus: 0 hits
[553/1583] Arthrobacter cavernae: 0 hits
[554/1583] Dysosmobacter welbionis: 0 hits
[555/1583] Mycolicibacterium chitae: 0 hits
[556/1583] Saccharomonospora azurea: 0 hits
[557/1583] Paralcaligenes ginsengisoli: 0 hits
[558/1583] Odoribacter splanchnicus: 0 hits
[559/1583] Campylobacter jejuni: 0 hits
[560/1583] Proteus mirabilis: 0 hits
[561/1583] Dietzia cercidiphylli: 0 hits
[562/1583] Paenarthrobacter nitroguajacolicus: 0 hits
[563/1583] Alkaliphilus flagellatus: 0 hits
[564/1583] Alkalihalophilus pseudofirmus: 0 hits
[565/1583] Stackebrandtia soli: 0 hits
[566/1583] Brevibacterium ammoniilyticum: 0 hits
[567/1583] Tissierella praeacuta: 0 hits
[568/1583] Siminovitchia terrae: 0 hits
[569/1583] Lederbergia ruris: 0 hits
[570/1583] Paralcaligenes ureilyticus: 1 hits
[571/1583] Brevibacterium jeotgali: 0 hits
[572/1583] Pseudoflavonifractor phocaeensis: 0 hits
[573/1583] Faecalibacterium prausnitzii: 0 hits
[574/1583] Anaeromassilibacillus senegalensis: 0 hits
[575/1583] Bacillus velezensis: 0 hits
[576/1583] Sellimonas monacensis: 0 hits
[577/1583] Bifidobacterium pseudolongum: 0 hits
[578/1583] Geofilum rhodophaeum: 0 hits
[579/1583] Levilactobacillus fuyuanensis: 0 hits
[580/1583] Dietzia cinnamea: 0 hits
[581/1583] Sphingobacterium lactis: 4 hits
[582/1583] Rhodococcus phenolicus: 0 hits
[583/1583] Mycolicibacillus trivialis: 0 hits
[584/1583] Oceanicella actignis: 0 hits
[585/1583] Leucobacter weissii: 0 hits
[586/1583] Savagea serpentis: 0 hits
[587/1583] Jiangella aurantiaca: 0 hits
[588/1583] Arthrobacter crystallopoietes: 0 hits
[589/1583] Virgibacillus soli: 0 hits
[590/1583] Paenalcaligenes suwonensis: 0 hits
[591/1583] Enterococcus alishanensis: 0 hits
[592/1583] Brachybacterium horti: 0 hits
[593/1583] Virgibacillus sediminis: 0 hits
[594/1583] Lactiplantibacillus modestisalitolerans: 0 hits
[595/1583] Dietzia massiliensis: 0 hits
[596/1583] Brachybacterium ginsengisoli: 0 hits
[597/1583] Alcaligenes faecalis: 20 hits
[598/1583] Kurthia populi: 0 hits
[599/1583] Fredinandcohnia humi: 0 hits
[600/1583] Jeotgalicoccus psychrophilus: 0 hits
[601/1583] Methylocystis echinoides: 0 hits
[602/1583] Paludisphaera borealis: 0 hits
[603/1583] Evtepia gabavorous: 0 hits
[604/1583] Pueribacillus theae: 0 hits
[605/1583] Fundicoccus fermenti: 0 hits
[606/1583] Merdibacter massiliensis: 0 hits
[607/1583] Companilactobacillus musae: 0 hits
[608/1583] Oceanobacillus oncorhynchi: 0 hits
[609/1583] Intestinimonas timonensis: 0 hits
[610/1583] Brachybacterium aquaticum: 0 hits
[611/1583] Streptomyces mimosae: 0 hits
[612/1583] Aeromicrobium phragmitis: 0 hits
[613/1583] Bacteroides coprosuis: 0 hits
[614/1583] Actinomadura violacea: 0 hits
[615/1583] Arthrobacter celericrescens: 0 hits
[616/1583] Enterococcus mediterraneensis: 0 hits
[617/1583] Clostridium magnum: 0 hits
[618/1583] Halomonas tibetensis: 0 hits
[619/1583] Miltoncostaea oceani: 0 hits
[620/1583] Nocardia nova: 0 hits
[621/1583] Actinomadura geliboluensis: 0 hits
[622/1583] Halalkalibacterium halodurans: 0 hits
[623/1583] Oceanobacillus halophilus: 0 hits
[624/1583] Staphylococcus devriesei: 0 hits
[625/1583] Enterococcus ratti: 0 hits
[626/1583] Streptococcus macedonicus: 0 hits
[627/1583] Anaerococcus provencensis: 0 hits
[628/1583] Saccharomonospora glauca: 0 hits
[629/1583] Neobacillus cucumis: 0 hits
[630/1583] Neobacillus endophyticus: 0 hits
[631/1583] Leucobacter soli: 0 hits
[632/1583] Neobacillus niacini: 0 hits
[633/1583] Parapedobacter soli: 0 hits
[634/1583] Sporosarcina jiandibaonis: 0 hits
[635/1583] Pusillibacter faecalis: 0 hits
[636/1583] Priestia flexa: 0 hits
[637/1583] Akkermansia muciniphila: 0 hits
[638/1583] Bacillus rhizoplanae: 0 hits
[639/1583] Nocardiopsis exhalans: 0 hits
[640/1583] Castellaniella fermenti: 0 hits
[641/1583] Roseburia lenta: 0 hits
[642/1583] Oligella ureolytica: 8 hits
[643/1583] Alistipes timonensis: 0 hits
[644/1583] Romboutsia sedimentorum: 0 hits
[645/1583] Companilactobacillus kedongensis: 0 hits
[646/1583] Pseudarthrobacter chlorophenolicus: 0 hits
[647/1583] Clostridium novyi: 0 hits
[648/1583] Prauserella soli: 0 hits
[649/1583] Actinomyces urinae: 0 hits
[650/1583] Bacillus subtilis: 0 hits
[651/1583] Ruania alkalisoli: 0 hits
[652/1583] Butyricicoccus porcorum: 0 hits
[653/1583] Streptococcus vicugnae: 0 hits
[654/1583] Lacrimispora amygdalina: 0 hits
[655/1583] Brevibacterium pityocampae: 0 hits
[656/1583] Neobacillus bataviensis: 0 hits
[657/1583] Enterococcus dispar: 0 hits
[658/1583] Georgenia daeguensis: 0 hits
[659/1583] Corynebacterium jeikeium: 0 hits
[660/1583] Intestinibacter bartlettii: 0 hits
[661/1583] Mycolicibacterium sphagni: 0 hits
[662/1583] Schinkia azotoformans: 0 hits
[663/1583] Croceibacterium xixiisoli: 0 hits
[664/1583] Arthrobacter pascens: 0 hits
[665/1583] Butyricimonas faecihominis: 0 hits
[666/1583] Priestia megaterium: 0 hits
[667/1583] Nonomuraea harbinensis: 0 hits
[668/1583] Blautia hansenii: 0 hits
[669/1583] Streptomyces sedi: 0 hits
[670/1583] Blautia coccoides: 0 hits
[671/1583] Ornithinimicrobium cavernae: 0 hits
[672/1583] Alkalibaculum bacchi: 0 hits
[673/1583] Anaerostipes hadrus: 0 hits
[674/1583] Corynebacterium parakroppenstedtii: 0 hits
[675/1583] Eubacterium coprostanoligenes: 0 hits
[676/1583] Actinomadura hallensis: 0 hits
[677/1583] Flintibacter butyricus: 0 hits
[678/1583] Oceanobacillus iheyensis: 0 hits
[679/1583] Arthrobacter silvisoli: 0 hits
[680/1583] Lactobacillus kitasatonis: 0 hits
[681/1583] Alkalihalobacillus hemicellulosilyticus: 0 hits
[682/1583] Nocardiopsis ganjiahuensis: 0 hits
[683/1583] Carnobacterium mobile: 0 hits
[684/1583] Staphylococcus chromogenes: 0 hits
[685/1583] Ornithinibacillus bavariensis: 0 hits
[686/1583] Levilactobacillus enshiensis: 0 hits
[687/1583] Corynebacterium argentoratense: 0 hits
[688/1583] Nocardiopsis composta: 0 hits
[689/1583] Levilactobacillus tangyuanensis: 0 hits
[690/1583] Brevibacterium aurantiacum: 0 hits
[691/1583] Brevibacterium daeguense: 0 hits
[692/1583] Mycolicibacillus parakoreensis: 0 hits
[693/1583] Parasutterella excrementihominis: 0 hits
[694/1583] Patulibacter ginsengiterrae: 0 hits
[695/1583] Eisenbergiella massiliensis: 0 hits
[696/1583] Pengzhenrongella sicca: 0 hits
[697/1583] Aeromicrobium phoceense: 0 hits
[698/1583] Aeromicrobium lacus: 0 hits
[699/1583] Hydrogeniiclostridium mannosilyticum: 0 hits
[700/1583] Sporosarcina newyorkensis: 0 hits
[701/1583] Bacillus massiliigabonensis: 0 hits
[702/1583] Eisenbergiella porci: 0 hits
[703/1583] Coprobacter fastidiosus: 0 hits
[704/1583] Fumia xinanensis: 0 hits
[705/1583] Pseudomonas saudimassiliensis: 3 hits
[706/1583] Castellaniella ginsengisoli: 20 hits
[707/1583] Bacillus timonensis: 0 hits
[708/1583] Alistipes inops: 0 hits
[709/1583] Zhenhengia yiwuensis: 0 hits
[710/1583] Naumannella halotolerans: 0 hits
[711/1583] Virgibacillus halotolerans: 0 hits
[712/1583] Barnesiella viscericola: 0 hits
[713/1583] Clostridioides mangenotii: 0 hits
[714/1583] Marinimicrobium agarilyticum: 0 hits
[715/1583] Neobacillus drentensis: 0 hits
[716/1583] Clostridium paraputrificum: 0 hits
[717/1583] Gottschalkia acidurici: 0 hits
[718/1583] Halomonas cerina: 0 hits
[719/1583] Virgibacillus halodenitrificans: 0 hits
[720/1583] Sinibacillus soli: 0 hits
[721/1583] Paenibacillus chartarius: 0 hits
[722/1583] Paenibacillus piscarius: 0 hits
[723/1583] Paenibacillus quercus: 0 hits
[724/1583] Priestia aryabhattai: 0 hits
[725/1583] Eoetvoesia caeni: 0 hits
[726/1583] Mycolicibacter terrae: 0 hits
[727/1583] Virgibacillus flavescens: 0 hits
[728/1583] Leucobacter chromiireducens: 0 hits
[729/1583] Rubneribacter badeniensis: 0 hits
[730/1583] Nocardiopsis valliformis: 0 hits
[731/1583] Guyparkeria hydrothermalis: 0 hits
[732/1583] Trichococcus collinsii: 0 hits
[733/1583] Salinicoccus salsiraiae: 0 hits
[734/1583] Aquamicrobium aestuarii: 0 hits
[735/1583] Wenzhouxiangella sediminis: 0 hits
[736/1583] Sporosarcina ureae: 0 hits
[737/1583] Sanguibacter keddieii: 0 hits
[738/1583] Alkaliphilus oremlandii: 0 hits
[739/1583] Paenibacillus camelliae: 0 hits
[740/1583] Tessaracoccus rhinocerotis: 0 hits
[741/1583] Blautia liquoris: 0 hits
[742/1583] Clostridium tagluense: -1 hits
[743/1583] Blautia pseudococcoides: 0 hits
[744/1583] Denitrificimonas caeni: 0 hits
[745/1583] Streptococcus infantarius: 0 hits
[746/1583] Mesobacillus maritimus: 0 hits
[747/1583] Lactococcus garvieae: 0 hits
[748/1583] Bacillus mesophilum: 0 hits
[749/1583] Neobacillus novalis: 0 hits
[750/1583] Corynebacterium rouxii: 0 hits
[751/1583] Glutamicibacter bergerei: 0 hits
[752/1583] Oceanobacillus caeni: 0 hits
[753/1583] Caldalkalibacillus mannanilyticus: 0 hits
[754/1583] Levilactobacillus tongjiangensis: 0 hits
[755/1583] Paraoerskovia marina: 0 hits
[756/1583] Tumebacillus soli: 0 hits
[757/1583] Streptomyces malaysiensis: 0 hits
[758/1583] Bacillus renqingensis: 0 hits
[759/1583] Murimonas intestini: 0 hits
[760/1583] Oceanobacillus longus: 0 hits
[761/1583] Agrilactobacillus yilanensis: 0 hits
[762/1583] Paraliobacillus quinghaiensis: 0 hits
[763/1583] Amphibacillus jilinensis: 0 hits
[764/1583] Companilactobacillus crustorum: 0 hits
[765/1583] Faecalibacterium longum: 0 hits
[766/1583] Oceanobacillus rekensis: 0 hits
[767/1583] Zhihengliuella flava: 0 hits
[768/1583] Corticicoccus populi: 0 hits
[769/1583] Cuneatibacter caecimuris: 0 hits
[770/1583] Frisingicoccus caecimuris: 0 hits
[771/1583] Sporosarcina contaminans: 0 hits
[772/1583] Variimorphobacter saccharofermentans: 0 hits
[773/1583] Paenalcaligenes hermetiae: 0 hits
[774/1583] Bordetella petrii: 0 hits
[775/1583] Enterocloster bolteae: 0 hits
[776/1583] Enterocloster clostridioformis: 0 hits
[777/1583] Croceibacterium atlanticum: 0 hits
[778/1583] Mediterraneibacter massiliensis: 0 hits
[779/1583] Anaerobutyricum hallii: 0 hits
[780/1583] Nocardiopsis metallicus: 0 hits
[781/1583] Vescimonas fastidiosa: 0 hits
[782/1583] Brevibacterium iodinum: 0 hits
[783/1583] Nocardiopsis prasina: 0 hits
[784/1583] Nocardiopsis sediminis: 0 hits
[785/1583] Pseudoclavibacter endophyticus: 0 hits
[786/1583] Tissierella carlieri: 0 hits
[787/1583] Lactobacillus ultunensis: 0 hits
[788/1583] Actinoallomurus iriomotensis: 0 hits
[789/1583] Lapidilactobacillus gannanensis: 0 hits
[790/1583] Levilactobacillus brevis: 0 hits
[791/1583] Helcococcus seattlensis: 0 hits
[792/1583] Limosilactobacillus frumenti: 0 hits
[793/1583] Corynebacterium endometrii: 0 hits
[794/1583] Kocuria uropygialis: 0 hits
[795/1583] Corynebacterium falsenii: 0 hits
[796/1583] Enterococcus italicus: 0 hits
[797/1583] Clostridium cochlearium: 0 hits
[798/1583] Nesterenkonia jeotgali: 0 hits
[799/1583] Terrisporobacter mayombei: 0 hits
[800/1583] Mycolicibacterium mageritense: 0 hits
[801/1583] Paracoccus koreensis: 0 hits
[802/1583] Citricoccus nitrophenolicus: 0 hits
[803/1583] Actinomarinicola tropica: 0 hits
[804/1583] Ornithinibacillus contaminans: 0 hits
[805/1583] Glycomyces tarimensis: 0 hits
[806/1583] Bacillus cereus: 0 hits
[807/1583] Pseudidiomarina indica: 0 hits
[808/1583] Bacillus marasmi: 0 hits
[809/1583] Alistipes onderdonkii: 0 hits
[810/1583] Alistipes shahii: 0 hits
[811/1583] Thiopseudomonas alkaliphila: 0 hits
[812/1583] Bacillus aquiflavi: 0 hits
[813/1583] Proteus penneri: 0 hits
[814/1583] Peribacillus huizhouensis: 0 hits
[815/1583] Virgibacillus byunsanensis: 0 hits
[816/1583] Acinetobacter guillouiae: 0 hits
[817/1583] Salmonella enterica: 0 hits
[818/1583] Siminovitchia fortis: 0 hits
[819/1583] Bacillus dakarensis: 0 hits
[820/1583] Aquibacillus albus: 0 hits
[821/1583] Macrococcus caseolyticus: 0 hits
[822/1583] Butyricimonas paravirosa: 0 hits
[823/1583] Staphylococcus rostri: 0 hits
[824/1583] Marinimicrobium alkaliphilum: 0 hits
[825/1583] Corynebacterium variabile: 0 hits
[826/1583] Parabacteroides merdae: 0 hits
[827/1583] Citricoccus lacusdiani: 0 hits
[828/1583] Bacteroides thetaiotaomicron: 0 hits
[829/1583] Streptomyces iranensis: 0 hits
[830/1583] Nesterenkonia muleiensis: 0 hits
[831/1583] Radiobacillus deserti: 0 hits
[832/1583] Macrococcus brunensis: 0 hits
[833/1583] Anaerosalibacter massiliensis: 0 hits
[834/1583] Peptoniphilus obesi: 0 hits
[835/1583] Massilicoli timonensis: 0 hits
[836/1583] Arthrobacter globiformis: 0 hits
[837/1583] Virgibacillus massiliensis: 0 hits
[838/1583] Peptoniphilus urinimassiliensis: 0 hits
[839/1583] Mycolicibacterium wolinskyi: 0 hits
[840/1583] Corynebacterium flavescens: 0 hits
[841/1583] Saccharomonospora oceani: 0 hits
[842/1583] Saccharopolyspora tripterygii: 0 hits
[843/1583] Corynebacterium singulare: 0 hits
[844/1583] Acidibacter ferrireducens: 0 hits
[845/1583] Bacillus benzoevorans: 0 hits
[846/1583] Corynebacterium pollutisoli: 0 hits
[847/1583] Kocuria atrinae: 0 hits
[848/1583] Niallia alba: 0 hits
[849/1583] Neobacillus vireti: 0 hits
[850/1583] Corynebacterium pelargi: 1 hits
[851/1583] Neobacillus soli: 0 hits
[852/1583] Cedecea davisae: 0 hits
[853/1583] Corynebacterium neomassiliense: 0 hits
[854/1583] Corynebacterium nasicanis: 0 hits
[855/1583] Corynebacterium terpenotabidum: 0 hits
[856/1583] Levilactobacillus yonginensis: 0 hits
[857/1583] Neobacillus ginsengisoli: 0 hits
[858/1583] Virgibacillus dakarensis: 0 hits
[859/1583] Bacteroides cellulosilyticus: 0 hits
[860/1583] Staphylococcus auricularis: 0 hits
[861/1583] Knoellia sinensis: 0 hits
[862/1583] Actinomadura montaniterrae: 0 hits
[863/1583] Bacillus atrophaeus: 0 hits
[864/1583] Neobacillus pocheonensis: 0 hits
[865/1583] Staphylococcus pettenkoferi: 0 hits
[866/1583] Oceanobacillus chungangensis: 0 hits
[867/1583] Levilactobacillus spicheri: 0 hits
[868/1583] Ignatzschineria larvae: 0 hits
[869/1583] Enterococcus pseudoavium: 0 hits
[870/1583] Leucobacter salsicius: 0 hits
[871/1583] Mycobacterium senegalense: 0 hits
[872/1583] Psychrobacillus lasiicapitis: 0 hits
[873/1583] Paenibacillus rigui: 0 hits
[874/1583] Glycomyces arizonensis: 0 hits
[875/1583] Pelagibacterium lacus: 0 hits
[876/1583] Singulisphaera rosea: 0 hits
[877/1583] Cohnella luojiensis: 0 hits
[878/1583] Ruthenibacterium lactatiformans: 0 hits
[879/1583] Gottfriedia acidiceleris: 0 hits
[880/1583] Ectobacillus funiculus: 0 hits
[881/1583] Cellulomonas chitinilytica: 0 hits
[882/1583] Aeromicrobium flavum: 0 hits
[883/1583] Fundicoccus ignavus: 0 hits
[884/1583] Georgenia ruanii: 0 hits
[885/1583] Intestinimonas butyriciproducens: 0 hits
[886/1583] Halomonas xiaochaidanensis: 0 hits
[887/1583] Nocardiopsis dassonvillei: 0 hits
[888/1583] Nocardiopsis mangrovei: 0 hits
[889/1583] Catenibacillus scindens: 0 hits
[890/1583] Ornithinimicrobium pekingense: 0 hits
[891/1583] Agrococcus casei: 0 hits
[892/1583] Caldibacillus thermolactis: 0 hits
[893/1583] Pusillimonas thiosulfatoxidans: 4 hits
[894/1583] Faecalibacterium butyricigenerans: 0 hits
[895/1583] Paenochrobactrum gallinarii: 0 hits
[896/1583] Enterococcus larvae: 0 hits
[897/1583] Hyphomicrobium vulgare: 0 hits
[898/1583] Ihubacter massiliensis: 0 hits
[899/1583] Rhodoplanes azumiensis: 0 hits
[900/1583] Janibacter cremeus: 0 hits
[901/1583] Methylothermalis aethiopiae: 0 hits
[902/1583] Virgibacillus phasianinus: 0 hits
[903/1583] Wansuia hejianensis: -1 hits
=== [2026-08-07T01:34:25Z] Starting/resuming nirK -> nirK_presence.csv ===
[904/1583] Butyricimonas phoceensis: 0 hits
[905/1583] Microbispora bryophytorum: 0 hits
[906/1583] Enterococcus termitis: 0 hits
[907/1583] Microbacterium suwonense: 0 hits
[908/1583] Peribacillus simplex: 2 hits
[909/1583] Enterobacter quasihormaechei: 0 hits
[910/1583] Anaerotruncus colihominis: 0 hits
[911/1583] Zhenpiania hominis: 0 hits
[912/1583] Rummeliibacillus pycnus: 0 hits
[913/1583] Alistipes ihumii: 0 hits
[914/1583] Anaerotruncus massiliensis: 0 hits
[915/1583] Streptomyces triticisoli: 0 hits
[916/1583] Anaerococcus vaginimassiliensis: 0 hits
[917/1583] Enterococcus rotai: 0 hits
[918/1583] Peribacillus acanthi: 0 hits
[919/1583] Streptomyces durhamensis: 0 hits
[920/1583] Corynebacterium suranareeae: 0 hits
[921/1583] Georgenia thermotolerans: 0 hits
[922/1583] Enterococcus thailandicus: 0 hits
[923/1583] Glutamicibacter arilaitensis: 0 hits
[924/1583] Alicyclobacillus curvatus: 0 hits
[925/1583] Victivallis lenta: 0 hits
[926/1583] Alkalihalobacillus trypoxylicola: 0 hits
[927/1583] Lactobacillus hamsteri: 0 hits
[928/1583] Lactiplantibacillus plantarum: 0 hits
[929/1583] Lapidilactobacillus mulanensis: 0 hits
[930/1583] Bacillus amyloliquefaciens: 0 hits
[931/1583] Companilactobacillus zhongbaensis: 0 hits
[932/1583] Auritidibacter ignavus: 0 hits
[933/1583] Actinorugispora endophytica: 0 hits
[934/1583] Paraliobacillus salinarum: 0 hits
[935/1583] Levilactobacillus koreensis: 0 hits
[936/1583] Tumebacillus luteolus: 0 hits
[937/1583] Murinocardiopsis flavida: 0 hits
[938/1583] Helcococcus sueciensis: 0 hits
[939/1583] Nocardiopsis coralliicola: 0 hits
[940/1583] Gordonia amarae: 0 hits
[941/1583] Companilactobacillus bobalius: 0 hits
[942/1583] Bacillus australimaris: 0 hits
[943/1583] Bradymonas sediminis: 2 hits
[944/1583] Serratia surfactantfaciens: 0 hits
[945/1583] Gracilibacillus halotolerans: 0 hits
