=== [2026-08-11T02:42:25Z] Starting/resuming nosZ_cladeI sequence retrieval ===
[1/196] Pseudogracilibacillus auburnensis (WP_110397147.1): success
[2/196] Ornithinibacillus gellani (WP_123316088.1): success
[3/196] Cerasibacillus terrae (CAQ6071783.1): success
[4/196] Sporosarcina pasteurii (XEE11172.1): success
[5/196] Luteimonas dalianensis (XUN68116.1): success
[6/196] Halomonas pellis (WP_149329667.1): success
[7/196] Staphylococcus arlettae (QBN20806.1): success
[8/196] Ornithinibacillus halophilus (WP_084063223.1): success
[9/196] Enterococcus faecium (WP_486504203.1): success
[10/196] Virgibacillus kimchii (WP_461182849.1): success
[11/196] Oceanobacillus halotolerans (WP_163969554.1): success
[12/196] Paracoccus jeotgali (WP_313136508.1): success
[13/196] Enterococcus durans (UQR07498.1): success
[14/196] Oceanisphaera avium (WP_086964560.1): success
[15/196] Pseudothauera rhizosphaerae (WP_230976768.1): success
[16/196] Niallia oryzisoli (WP_394237792.1): success
[17/196] Bifidobacterium pullorum (GAA0853007.1): success
[18/196] Niallia circulans (QBN20816.1): success
[19/196] Ammoniphilus oxalaticus (WP_120189710.1): success
[20/196] Halomonas gudaonensis (WP_089682918.1): success
[21/196] Virgibacillus profundi (WP_095654369.1): failed - no /coded_by qualifier found
[22/196] Halomonas antri (WP_419976893.1): success
[23/196] Aliibacillus thermotolerans (WP_270895261.1): success
[24/196] Peribacillus asahii (WP_403151517.1): success
[25/196] Pontibaca methylaminivorans (WP_333683635.1): success
[26/196] Neobacillus massiliamazoniensis (WP_090634586.1): success
[27/196] Halomonas nitroreducens (WP_342774438.1): success
[28/196] Halopseudomonas pertucinogena (WP_373288230.1): success
[29/196] Halomonas desiderata (WP_481618932.1): success
[30/196] Paracoccus alcaliphilus (WCR18397.1): success
[31/196] Pusillimonas ginsengisoli (WP_414184041.1): success
[32/196] Falsochrobactrum shanghaiense (WP_109706888.1): success
[33/196] Bacillus salipaludis (WP_406578883.1): success
[34/196] Rhodohalobacter halophilus (WP_069131519.1): success
[35/196] Ammoniphilus resinae (WP_209810492.1): success
[36/196] Cerasibacillus quisquiliarum (WP_146937994.1): success
[37/196] Parabacteroides distasonis (QUT93879.1): success
[38/196] Oceanobacillus picturae (GAQ18166.1): success
[39/196] Proteus mirabilis (WP_302283363.1): success
[40/196] Bacillus velezensis (XLH14111.1): success
[41/196] Sphingobacterium lactis (WP_344675394.1): success
[42/196] Oceanicella actignis (WP_148923662.1): success
[43/196] Savagea serpentis (CAQ8673970.1): success
[44/196] Alcaligenes faecalis (WP_257112553.1): success
[45/196] Kurthia populi (WP_126989614.1): success
[46/196] Methylocystis echinoides (WP_464593654.1): success
[47/196] Halomonas tibetensis (WP_379756960.1): success
[48/196] Oceanobacillus halophilus (WP_121204354.1): success
[49/196] Neobacillus cucumis (WP_498972786.1): success
[50/196] Neobacillus niacini (WP_335413999.1): success
[51/196] Parapedobacter soli (WP_262247939.1): success
[52/196] Bacillus rhizoplanae (WP_429720760.1): success
[53/196] Oligella ureolytica (CAM5203982.1): success
[54/196] Bacillus subtilis (YFS53619.1): success
[55/196] Neobacillus bataviensis (WP_098527700.1): success
[56/196] Schinkia azotoformans (WP_233276046.1): success
[57/196] Priestia megaterium (WP_282274362.1): success
[58/196] Parasutterella excrementihominis (WP_496197392.1): failed - no /coded_by qualifier found
[59/196] Pseudomonas saudimassiliensis (WP_044498740.1): success
[60/196] Castellaniella ginsengisoli (WP_454478693.1): success
[61/196] Bacillus timonensis (WP_136379057.1): success
[62/196] Neobacillus drentensis (WP_098260239.1): success
[63/196] Halomonas cerina (WP_246389866.1): success
[64/196] Paenibacillus piscarius (WP_338019688.1): success
[65/196] Priestia aryabhattai (WP_049165828.1): success
[66/196] Paenibacillus camelliae (WP_251669992.1): success
[67/196] Denitrificimonas caeni (WP_205341862.1): success
[68/196] Mesobacillus maritimus (WP_404328150.1): success
[69/196] Bacillus mesophilum (WP_151574022.1): success
[70/196] Neobacillus novalis (WP_283935878.1): success
[71/196] Bordetella petrii (WP_289785534.1): success
[72/196] Bacillus cereus (WP_016103484.1): success
[73/196] Bacillus marasmi (WP_147535088.1): success
