[1/1583] Atopostipes suicloacalis: 0 hits
[2/1583] Brachybacterium faecium: 1 hits
[3/1583] Yaniella halotolerans: 1 hits
[4/1583] Nocardiopsis algeriensis: 0 hits
[5/1583] Nosocomiicoccus ampullae: 0 hits
[6/1583] Ligilactobacillus pobuzihii: 0 hits
[7/1583] Staphylococcus ureilyticus: 15 hits
[8/1583] Pseudogracilibacillus auburnensis: 0 hits
[9/1583] Ligilactobacillus salivarius: 0 hits
[10/1583] Jeotgalicoccus meleagridis: 0 hits
[11/1583] Corynebacterium stationis: 14 hits
[12/1583] Nocardiopsis lucentensis: 0 hits
[13/1583] Jeotgalicoccus halotolerans: 2 hits
[14/1583] Brachybacterium saurashtrense: 3 hits
[15/1583] Ornithinibacillus gellani: 0 hits
[16/1583] Salinicoccus kunmingensis: 0 hits
[17/1583] Mammaliicoccus lentus: 11 hits
[18/1583] Nocardiopsis nikkonensis: 0 hits
[19/1583] Lactobacillus crispatus: 0 hits
[20/1583] Nocardiopsis halotolerans: 0 hits
[21/1583] Pseudogracilibacillus marinus: 0 hits
[22/1583] Lactobacillus gallinarum: 0 hits
[23/1583] Romboutsia ilealis: 8 hits
[24/1583] Lactobacillus johnsonii: 0 hits
[25/1583] Nocardiopsis salina: 1 hits
[26/1583] Salinicoccus carnicancri: 1 hits
[27/1583] Anaerococcus obesiensis: 0 hits
[28/1583] Weissella jogaejeotgali: 0 hits
[29/1583] Brevibacterium avium: 0 hits
[30/1583] Anaerococcus porci: 0 hits
[31/1583] Brachybacterium conglomeratum: 2 hits
[32/1583] Romboutsia timonensis: 11 hits
[33/1583] Brachybacterium squillarum: 2 hits
[34/1583] Jeotgalicoccus aerolatus: 0 hits
[35/1583] Staphylococcus simulans: 89 hits
[36/1583] Ruoffia tabacinasalis: 0 hits
[37/1583] Enterococcus cecorum: 0 hits
[38/1583] Enteractinococcus fodinae: 0 hits
[39/1583] Brachybacterium epidermidis: 0 hits
